Testing URL (Browser Mode): https://antigravity.google/changelog
Google Antigravity Changelog antigravity.google uses cookies to deliver and enhance the quality of its services and to analyze traffic. If you agree, cookies are also used to serve advertising and to personalize the content and advertisements that you see. Learn more Agree No thanks G o o g l e A n t i g r a v i t y C h a n g e l o g View docs Follow us on X info New versions are rolled out gradually and may take a few days to reach all users. Version Description 1.23.2 Apr 16, 2026 Bug Fixes Fixed bug that prevented MCP servers from loading and bug that prevented accessing workspace-specific settings. Improvements (0) Fixes (2) Fixed bug that prevented MCP servers from loading Fixed bug that prevented accessing workspace-specific settings Patches (0) 1.22.2 Apr 7, 2026 Agent Permissions New unified permissions system to control agent actions. Improvements (1) New agent permissions system accessible in settings. Fixes (0) Patches (0) 1.21.9 Mar 30, 2026 Onboarding Fix Fixed bug that prevented new users from completing onboarding. Improvements (0) Fixes (1) Fixed bug that prevented new users from completing onboarding. Patches (0) 1.21.6 Mar 25, 2026 Linux Sandboxing and MCP Improvements Linux support for sandboxing, improved MCP authentication, and deprecations in Manager. Improvements (5) Linux support for sandboxing Simplified, condensed chat UI Added support for reading rules from AGENTS.md in addition to GEMINI.md One-click chat archival Improved sidebar design Fixes (2) Improved MCP authentication Various layout and UX improvements in the agent manager Patches (2) Deprecate follow along mode in Manager Deprecate playground feature in Manager 1.20.6 Mar 17, 2026 Fix for customizations creation Fix for customizations creation. Improvements (0) Fixes (1) Fixed an issue where rules and workflows could not be created. Patches (0) 1.20.5 Mar 9, 2026 Stability and UI improvements Stability and UI improvements. Improvements (3) Added support for reading rules from AGENTS.md in addition to GEMINI.md. Deprecated the Auto-continue setting, which is now enabled by default. Improved conversation load times, especially for long conversations. Fixes (3) Fixed color contrast in Agent Manager terminals. Fixed an issue with cleaning up old SSH server instances. Fixed a bug in token accounting that could cause conversations to prematurely reach the maximum token limit. Patches (1) Removed Command support. 1.19.6 Feb 26, 2026 Account Remediation Pathway Introduced a formal remediation process for accounts suspended due to Terms of Service violations. See our official announcement . Improvements (1) Account remediation UI for suspended users. Fixes (0) Patches (0) 1.19.5 Feb 26, 2026 Browser Fix Stability and UI improvements. Improvements (0) Fixes (1) Fixed an issue from 1.19.4 that prevented the browser from launching. Patches (0) 1.19.4 Feb 25, 2026 Stability and UI Improvements Stability and UI improvements. Improvements (2) Allow users to include screenshot
